src/pages/vehicles/VehicleMaintenance.tsx(6,5): error TS6133: 'Bike' is declared but its value is never read.
src/pages/vehicles/VehicleMaintenance.tsx(6,11): error TS6133: 'Car' is declared but its value is never read.
src/pages/vehicles/VehicleMaintenance.tsx(92,32): error TS6133: 'setSelectedVehicleId' is declared but its value is never read.
src/pages/vehicles/VehicleReports.tsx(1,10): error TS6133: 'useState' is declared but its value is never read.
src/pages/vehicles/VehicleReports.tsx(111,32): error TS6133: 'setSelectedVehicleId' is declared but its value is never read.
